// Jest Snapshot v1, https://goo.gl/fbAQLP

exports[`Pruebas en <HomeScreen /> Debe mostrarse correctamente 1`] = `
Array [
  <h1>
    Home Screen
  </h1>,
  <hr />,
  <pre>
    {
    "name": "Cristian",
    "email": "test1@test.com"
}
  </pre>,
]
`;
