// Jest Snapshot v1, https://goo.gl/fbAQLP

exports[`Pruebas en <RealExampleRef /> Debe mostrarse correctamente 1`] = `
<div>
  <h1>
    RealExampleRef
  </h1>
  <hr />
  <MultipleCustomHooks />
  <button
    className="btn btn-primary"
    onClick={[Function]}
  >
    show/hide
  </button>
</div>
`;
